
> firstReport@1.0.0 build
> next build

  ▲ Next.js 14.2.35
  - Environments: .env.local, .env

   Creating an optimized production build ...
<w> [webpack.cache.PackFileCacheStrategy] Serializing big strings (231kiB) impacts deserialization performance (consider using Buffer instead and decode when needed)
 ✓ Compiled successfully
   Linting and checking validity of types ...
   Collecting page data ...
 ⚠ Using edge runtime on a page currently disables static generation for that page
   Generating static pages (0/22) ...
   Generating static pages (5/22) 
   Generating static pages (10/22) 
   Generating static pages (16/22) 
 ✓ Generating static pages (22/22)
   Finalizing page optimization ...
   Collecting build traces ...

Route (app)                               Size     First Load JS
┌ ○ /                                     50.7 kB         164 kB
├ ○ /_not-found                           873 B          88.3 kB
├ ƒ /api/auth/me                          0 B                0 B
├ ƒ /api/auth/sync-user                   0 B                0 B
├ ƒ /api/clarify                          0 B                0 B
├ ƒ /api/classify                         0 B                0 B
├ ƒ /api/documents                        0 B                0 B
├ ƒ /api/documents/[sessionId]/[docType]  0 B                0 B
├ ƒ /api/documents/upload                 0 B                0 B
├ ƒ /api/generate-pdf                     0 B                0 B
├ ƒ /api/history                          0 B                0 B
├ ƒ /api/legal-journey                    0 B                0 B
├ ƒ /api/ocr/process                      0 B                0 B
├ ƒ /api/ping                             0 B                0 B
├ ƒ /api/readiness                        0 B                0 B
├ ƒ /api/send-telegram                    0 B                0 B
├ ƒ /api/sessions/[id]                    0 B                0 B
├ ƒ /api/stt                              0 B                0 B
├ ƒ /api/sync                             0 B                0 B
├ ƒ /api/tts                              0 B                0 B
├ ƒ /api/verify-document                  0 B                0 B
├ ƒ /case/[id]                            60 kB           176 kB
├ ○ /history                              4.77 kB         109 kB
├ ○ /home                                 7.63 kB         112 kB
├ ○ /login                                5.84 kB         167 kB
├ ○ /manifest.json                        0 B                0 B
├ ○ /offline                              1.05 kB        88.4 kB
├ ƒ /sessions/[id]                        2.97 kB         116 kB
└ ○ /verify                               1.53 kB         163 kB
+ First Load JS shared by all             87.4 kB
  ├ chunks/117-7c8e49d7b1eeaee8.js        31.7 kB
  ├ chunks/fd9d1056-e7e843379fb15066.js   53.6 kB
  └ other shared chunks (total)           2.02 kB


ƒ Middleware                              81.2 kB

○  (Static)   prerendered as static content
ƒ  (Dynamic)  server-rendered on demand

